==========================================
Starting Nutrition Scout at Fri Sep  4 11:33:34 +03 2026
==========================================

🚀 Nutrition Scout Başlatılıyor... [04.09.2026 11:33]
📁 Kasa Konumu: /Users/canerozyildirim/Library/Mobile Documents/iCloud~md~obsidian/Documents/caner
🔍 Kasa MOC ve son 30 gün notları taranıyor...
✨ Tespit Edilen Dinamik Terimler: 4A90D9, refeeding, DDD3C4, notebooklm, GıdaMatrisi, sepsis

📡 1/7 Resmi Uyarılar & Küresel Sağlık Otoriteleri taranıyor (FDA / EFSA / WHO)...
📡 2/7 Dernek, Rehber & Araştırma Çağrıları taranıyor (ASN, The Nutrition Society, BDA, TOS, EASO, ESPEN)...
📡 3/7 PubMed son 4 günün yayınları ve Multi-Omiks taranıyor (NCBI E-utilities)...
📡 4/7 Genel Sağlık & Bilim haberleri taranıyor (ScienceDaily, STAT News)...
📡 5/7 Reddit Beslenme Toplulukları ve Trendleri taranıyor (20 Subreddit)...
📡 6/7 COST Actions, Erasmus, EURAXESS & Marie Curie fon çağrıları taranıyor...
📡 7/7 LinkedIn & Lider Araştırmacı Radarı taranıyor (David Ludwig, Kevin Hall, Stephan Guyenet)...

=================================================================
📊 TARAMA RAPORU — 2026-09-04
=================================================================

📁 Resmi Uyarılar (FDA/EFSA/WHO)
--------------------------------------------------
📌 Spinal Cord Stimulator Recall: Boston Scientific Removes Infinion CX L...
   Özet: Araştırma, aralıklı açlık ve zaman kısıtlı beslenme (TRE/TRF) protokollerinin hücresel oto...
   Gerekçe: Kişiselleştirilmiş açlık modelleri ve aralıklı beslenmenin doku spesifik transkriptomik ya...

📁 Dernek & Rehber Güncellemeleri (ABD & İngiltere: ASN, BDA, The Nutrition Society, EASO, ESPEN)
--------------------------------------------------
  * Yeni içerik yok.

📁 Yeni Akademik Yayınlar (PubMed & Multi-Omiks)
--------------------------------------------------
  📂 ⏳ Aralıklı Açlık (Intermittent Fasting) & Otofaji
[+] Matrise yeni veri eklendi: 
📌 Streetview greenspace types and dementia risk in older adults: the Mul...
   Özet: Araştırma, aralıklı açlık ve zaman kısıtlı beslenme (TRE/TRF) protokollerinin hücresel oto...
   Gerekçe: Kişiselleştirilmiş açlık modelleri ve aralıklı beslenmenin doku spesifik transkriptomik ya...

  📂 🤖 Yapay Zeka & Dijital Beslenme (AI & Machine Learning)
[+] Matrise yeni veri eklendi: 
📌 Association Between the Dietary Inflammatory Index and Cardiorenal Ane...
   Özet: Bu çalışma, Diyet Enflamatuar İndeksi (DII) ile Kardiyorenal Anemi Sendromu (CRAS) arasınd...
   Gerekçe: Bu makale, diyetin enflamatuar potansiyelinin kronik hastalıklar üzerindeki etkisini, özel...

[+] Matrise yeni veri eklendi: 
📌 Oxidative balance-related metabolite signature and incident cardiovasc...
   Özet: Çalışma, klinik hasta gruplarında (diyabet, onkoloji, cerrahi) tıbbi beslenme tedavisi, ki...
   Gerekçe: Endokrinoloji ve onkoloji kliniklerinde uygulanan tıbbi beslenme tedavisi standartlarının ...

[+] Matrise yeni veri eklendi: 
📌 Stage-specific prediction of body weight in Hanwoo steers using body m...
   Özet: Çalışma, Stage-specific prediction of body weight in Hanwoo steers using body measurements...
   Gerekçe: Bu gelişme, kasanızdaki ilgili çatı metabolizma alanlarının kanıt tabanını güçlendirmekted...

[+] Matrise yeni veri eklendi: 
📌 Heterogeneous effects of SNAP benefit enhancements on food sufficiency...
   Özet: Çalışma, Heterogeneous effects of SNAP benefit enhancements on food sufficiency and mental...
   Gerekçe: Bu gelişme, kasanızdaki ilgili çatı metabolizma alanlarının kanıt tabanını güçlendirmekted...

[+] Matrise yeni veri eklendi: 
📌 Intelligent monitoring technologies for food fermentation processes: t...
   Özet: Bu makale, gıda fermantasyon süreçlerinde geleneksel deneyime dayalı yöntemlerden çok modl...
   Gerekçe: Fermente gıdaların bağırsak mikrobiyotası ve metabolik sağlık üzerindeki kanıtlanmış etkil...

[+] Matrise yeni veri eklendi: 
📌 Using Artificial Intelligence for Food Identification and Dietary Asse...
   Özet: Bu kapsamlı derleme, restoran ve kurumsal ortamlarda yapay zekanın (YZ) besin tanımlaması ...
   Gerekçe: Bu çalışma, beslenme değerlendirmesinde teknolojinin ve özellikle yapay zekanın entegrasyo...

  📂 🍔 Ultra-İşlenmiş Besinler (UPF), Gıda Matriksi & Diyet Kalitesi
[+] Matrise yeni veri eklendi: 
📌 Parental Factors Associated with US Youth Ultra-Processed Food Outcome...
   Özet: Çalışma, ultra-işlenmiş besinlerin (UPF), gıda matriks yapısının ve endüstriyel katkı madd...
   Gerekçe: UPF sınıflandırma sistemlerinin tutarsızlıkları ve kanıt sınırlılıkları üzerine yürüttüğüm...

[+] Matrise yeni veri eklendi: 
📌 Associations of Plant- and Animal-Sourced Ultra-Processed Foods and In...
   Özet: Bu çalışma, Kardiyovasküler Sağlık Çalışması kohortunda bitkisel ve hayvansal kaynaklı ult...
   Gerekçe: Makale, ultra işlenmiş gıdaların KBH gibi kronik hastalıklarla ilişkisini incelemesi neden...

[+] Matrise yeni veri eklendi: 
📌 Early introduction of ultra-processed foods and their repercussions on...
   Özet: Çalışma, ultra-işlenmiş besinlerin (UPF), gıda matriks yapısının ve endüstriyel katkı madd...
   Gerekçe: UPF sınıflandırma sistemlerinin tutarsızlıkları ve kanıt sınırlılıkları üzerine yürüttüğüm...

  📂 ⏳ Aralıklı Açlık (Intermittent Fasting) & Otofaji
[+] Matrise yeni veri eklendi: 
📌 Sex- and Ketogenesis-Dependent Effects of Intermittent Fasting on Diet...
   Özet: Araştırma, aralıklı açlık ve zaman kısıtlı beslenme (TRE/TRF) protokollerinin hücresel oto...
   Gerekçe: Kişiselleştirilmiş açlık modelleri ve aralıklı beslenmenin doku spesifik transkriptomik ya...

[+] Matrise yeni veri eklendi: 
📌 Unlocking metabolic plasticity: The potential effects of exercise to a...
   Özet: Bu çalışma, yaşlı, obez dişi farelerde egzersizin zaman kısıtlı beslenmenin (TRF) metaboli...
   Gerekçe: Obezite, yaşlanma ve metabolik sağlık kesişimindeki bu çalışma, Caner hocanın endokrinoloj...

[+] Matrise yeni veri eklendi: 
📌 Ramadan fasting induces temporal gut microbiome remodeling without met...
   Özet: Araştırma, aralıklı açlık ve zaman kısıtlı beslenme (TRE/TRF) protokollerinin hücresel oto...
   Gerekçe: Kişiselleştirilmiş açlık modelleri ve aralıklı beslenmenin doku spesifik transkriptomik ya...

[+] Matrise yeni veri eklendi: 
📌 One-month early time-restricted eating enhances long-term memory by mo...
   Özet: Bir aylık erken zaman kısıtlı beslenme (ETRE) protokolü, metabolik sendromlu erkeklerde uz...
   Gerekçe: Bu çalışma, metabolik sendromun nörokognitif etkileri ile zaman kısıtlı beslenmenin potans...

[+] Matrise yeni veri eklendi: 
📌 The influence of intermittent fasting on body metrics, lipid profile, ...
   Özet: Araştırma, aralıklı açlık ve zaman kısıtlı beslenme (TRE/TRF) protokollerinin hücresel oto...
   Gerekçe: Kişiselleştirilmiş açlık modelleri ve aralıklı beslenmenin doku spesifik transkriptomik ya...

[+] Matrise yeni veri eklendi: 
📌 Effects of Intermittent fasting protocols on sperm parameters and test...
   Özet: Araştırma, aralıklı açlık ve zaman kısıtlı beslenme (TRE/TRF) protokollerinin hücresel oto...
   Gerekçe: Kişiselleştirilmiş açlık modelleri ve aralıklı beslenmenin doku spesifik transkriptomik ya...

  📂 🥑 Ketojenik Diyet, Ketogenez & Enerji Substratı
[+] Matrise yeni veri eklendi: 
📌 Transforming neural activity to operate without glucose metabolism usi...
   Özet: Çalışma, yapay zeka, makine öğrenmesi algoritmaları ve dijital araçların besin tüketim kay...
   Gerekçe: Augmented Dietitian (Artırılmış Diyetisyen) ve beslenme biliminde yapay zekanın güvenilirl...

  📂 ⚖️ Kilo Kaybı, Enerji Metabolizması & Adaptif Termogenez
[+] Matrise yeni veri eklendi: 
📌 C8 Medium chain triglycerides benefit energy metabolism and modulate i...
   Özet: J Anim Sci dergisinde yayımlanan bu çalışma, C8 orta zincirli trigliseritlerin (MCT'ler) k...
   Gerekçe: Bu çalışma, kronik hastalık durumlarında beslenme müdahalelerinin metabolik ve inflamatuar...

  📂 ⏳ Aralıklı Açlık (Intermittent Fasting) & Otofaji
[+] Matrise yeni veri eklendi: 
📌 Comparison of clinical efficacy and gut microbiota characteristics in ...
   Özet: Bu çalışma, Otizm Spektrum Bozukluğu (OSB) olan çocuklarda fekal mikrobiyota transplantasy...
   Gerekçe: OSB'nin etiyolojisinde ve yönetiminde bağırsak mikrobiyotasının ve beslenme stratejilerini...

  📂 🥑 Ketojenik Diyet, Ketogenez & Enerji Substratı
[+] Matrise yeni veri eklendi: 
📌 A Conversation with Dr. Guillermo Umpierrez: Ketosis-Prone Type 2 Diab...
   Özet: Çalışma, klinik hasta gruplarında (diyabet, onkoloji, cerrahi) tıbbi beslenme tedavisi, ki...
   Gerekçe: Endokrinoloji ve onkoloji kliniklerinde uygulanan tıbbi beslenme tedavisi standartlarının ...

[+] Matrise yeni veri eklendi: 
📌 Nutritional Strategies Targeting Glucose Metabolism to Slow Cognitive ...
   Özet: Çalışma, Nutritional Strategies Targeting Glucose Metabolism to Slow Cognitive Aging: A Sc...
   Gerekçe: Bu gelişme, kasanızdaki ilgili çatı metabolizma alanlarının kanıt tabanını güçlendirmekted...

[+] Matrise yeni veri eklendi: 
📌 Ketogenic Diet and β-Hydroxybutyrate Suppress Bladder Cancer Growth an...
   Özet: Bu çalışma, ketojenik diyetin ve başlıca keton cisimciği olan beta-hidroksibutiratın (BHB)...
   Gerekçe: Bu makale, beslenme müdahalelerinin onkolojik tedavilerdeki entegrasyonu ve ketojenik diye...

  📂 ⚖️ Kilo Kaybı, Enerji Metabolizması & Adaptif Termogenez
[+] Matrise yeni veri eklendi: 
📌 A 12-week, double-blind, quasi-randomized, placebo-controlled study to...
   Özet: Çalışma, A 12-week, double-blind, quasi-randomized, placebo-controlled study to evaluate t...
   Gerekçe: Bu gelişme, kasanızdaki ilgili çatı metabolizma alanlarının kanıt tabanını güçlendirmekted...

[+] Matrise yeni veri eklendi: 
📌 The host matters: Integrating resting energy expenditure into personal...
   Özet: Çalışma, The host matters: Integrating resting energy expenditure into personalized medici...
   Gerekçe: Bu gelişme, kasanızdaki ilgili çatı metabolizma alanlarının kanıt tabanını güçlendirmekted...

  📂 💊 GLP-1 & Farmakoterapi: Vücut Kompozisyonu & Kas Korunumu
[+] Matrise yeni veri eklendi: 
📌 Beyond Weight Loss: Disentangling the Direct Effects of Semaglutide vs...
   Özet: Bu çalışma, GLP-1/GIP reseptör agonistlerinin kilo kaybı sürecindeki metabolik yanıtlarını...
   Gerekçe: İnkretin bazlı tedavilerde ortaya çıkan yağsız doku (kas) kaybı ve adipoz doku plastisites...

  📂 🧬 Multi-Omiks (Lipidomiks/Proteomiks) & Bağırsak Mikrobiyotası
[+] Matrise yeni veri eklendi: 
📌 Characterization of the gut microbiome and resistome of piglets supple...
   Özet: Araştırma, bağırsak mikrobiyota ekolojisi, kısa zincirli yağ asitleri (SCFA) ve mikrobiyal...
   Gerekçe: Bağırsak mikrobiyotasının 'tutumlu (thrifty)' fenotip ve enerji dengesiyle olan ilişkisi, ...

  📂 ⏳ Aralıklı Açlık (Intermittent Fasting) & Otofaji
[+] Matrise yeni veri eklendi: 
📌 Ambra1 is essential for fasting-induced lipolysis via ATGL translocati...
   Özet: Araştırma, aralıklı açlık ve zaman kısıtlı beslenme (TRE/TRF) protokollerinin hücresel oto...
   Gerekçe: Kişiselleştirilmiş açlık modelleri ve aralıklı beslenmenin doku spesifik transkriptomik ya...

  📂 ⚖️ Kilo Kaybı, Enerji Metabolizması & Adaptif Termogenez
[+] Matrise yeni veri eklendi: 
📌 Physiological and Cardiac Effects of Weight Loss in Adolescents With A...
   Özet: Çalışma, Physiological and Cardiac Effects of Weight Loss in Adolescents With Atypical Ano...
   Gerekçe: Bu gelişme, kasanızdaki ilgili çatı metabolizma alanlarının kanıt tabanını güçlendirmekted...

[+] Matrise yeni veri eklendi: 
📌 Study of weight loss intervention to find an effective strategy for ob...
   Özet: Çalışma, Study of weight loss intervention to find an effective strategy for obesity manag...
   Gerekçe: Bu gelişme, kasanızdaki ilgili çatı metabolizma alanlarının kanıt tabanını güçlendirmekted...

[+] Matrise yeni veri eklendi: 
📌 Comment on "Body Weight Definitions for Estimating Energy Expenditure ...
   Özet: Çalışma, Comment on "Body Weight Definitions for Estimating Energy Expenditure in Intensiv...
   Gerekçe: Bu gelişme, kasanızdaki ilgili çatı metabolizma alanlarının kanıt tabanını güçlendirmekted...

  📂 ⏳ Aralıklı Açlık (Intermittent Fasting) & Otofaji
[+] Matrise yeni veri eklendi: 
📌 Sleeve Gastrectomy Reverses Hepatic and Circulating Transcriptomic Dys...
   Özet: Araştırma, aralıklı açlık ve zaman kısıtlı beslenme (TRE/TRF) protokollerinin hücresel oto...
   Gerekçe: Kişiselleştirilmiş açlık modelleri ve aralıklı beslenmenin doku spesifik transkriptomik ya...

[+] Matrise yeni veri eklendi: 
📌 Effect of Post-Discharge Oral Nutritional Supplements on Nutritional S...
   Özet: Araştırma, aralıklı açlık ve zaman kısıtlı beslenme (TRE/TRF) protokollerinin hücresel oto...
   Gerekçe: Kişiselleştirilmiş açlık modelleri ve aralıklı beslenmenin doku spesifik transkriptomik ya...

  📂 ⚖️ Kilo Kaybı, Enerji Metabolizması & Adaptif Termogenez
[+] Matrise yeni veri eklendi: 
📌 Optimizing timing of exercise to improve metabolic outcomes in obesity...
   Özet: Çalışma, klinik hasta gruplarında (diyabet, onkoloji, cerrahi) tıbbi beslenme tedavisi, ki...
   Gerekçe: Endokrinoloji ve onkoloji kliniklerinde uygulanan tıbbi beslenme tedavisi standartlarının ...

[+] Matrise yeni veri eklendi: 
📌 Silencing the Sirens: Weight-Loss Drugs, Food Noise, and the Ethics of...
   Özet: Çalışma, Silencing the Sirens: Weight-Loss Drugs, Food Noise, and the Ethics of Effortless...
   Gerekçe: Bu gelişme, kasanızdaki ilgili çatı metabolizma alanlarının kanıt tabanını güçlendirmekted...

  📂 ⏳ Aralıklı Açlık (Intermittent Fasting) & Otofaji
[+] Matrise yeni veri eklendi: 
📌 Biological Pathways of Strength Preservation During Calorie Restrictio...
   Özet: Araştırma, aralıklı açlık ve zaman kısıtlı beslenme (TRE/TRF) protokollerinin hücresel oto...
   Gerekçe: Kişiselleştirilmiş açlık modelleri ve aralıklı beslenmenin doku spesifik transkriptomik ya...

  📂 ⚖️ Kilo Kaybı, Enerji Metabolizması & Adaptif Termogenez
[+] Matrise yeni veri eklendi: 
📌 Dietary Soybean vs. Palm Oils Differ in Effects on Liver Fat in Adults...
   Özet: Çalışma, klinik hasta gruplarında (diyabet, onkoloji, cerrahi) tıbbi beslenme tedavisi, ki...
   Gerekçe: Endokrinoloji ve onkoloji kliniklerinde uygulanan tıbbi beslenme tedavisi standartlarının ...

  📂 🛡️ Obezite, İmmün Sistem & İmmünometabolizma
[+] Matrise yeni veri eklendi: 
📌 Interleukin-4-Loaded Lipid Nanoparticles Reprogram Adipose Tissue Immu...
   Özet: Araştırma, aralıklı açlık ve zaman kısıtlı beslenme (TRE/TRF) protokollerinin hücresel oto...
   Gerekçe: Kişiselleştirilmiş açlık modelleri ve aralıklı beslenmenin doku spesifik transkriptomik ya...

  📂 💊 GLP-1 & Farmakoterapi: Vücut Kompozisyonu & Kas Korunumu
[+] Matrise yeni veri eklendi: 
📌 Immunometabolic Modulation in Obese Asthma: How GLP-1 Receptor Agonist...
   Özet: Bu çalışma, GLP-1/GIP reseptör agonistlerinin kilo kaybı sürecindeki metabolik yanıtlarını...
   Gerekçe: İnkretin bazlı tedavilerde ortaya çıkan yağsız doku (kas) kaybı ve adipoz doku plastisites...

  📂 ⏳ Aralıklı Açlık (Intermittent Fasting) & Otofaji
[+] Matrise yeni veri eklendi: 
📌 Stress biology and metabolic ageing in older adults during prolonged c...
   Özet: Araştırma, aralıklı açlık ve zaman kısıtlı beslenme (TRE/TRF) protokollerinin hücresel oto...
   Gerekçe: Kişiselleştirilmiş açlık modelleri ve aralıklı beslenmenin doku spesifik transkriptomik ya...

  📂 💊 GLP-1 & Farmakoterapi: Vücut Kompozisyonu & Kas Korunumu
[+] Matrise yeni veri eklendi: 
📌 Where the Future Lies: GLP-1 Receptor Agonists as Therapeutics for Der...
   Özet: Bu çalışma, GLP-1/GIP reseptör agonistlerinin kilo kaybı sürecindeki metabolik yanıtlarını...
   Gerekçe: İnkretin bazlı tedavilerde ortaya çıkan yağsız doku (kas) kaybı ve adipoz doku plastisites...

  📂 ⏳ Aralıklı Açlık (Intermittent Fasting) & Otofaji
[+] Matrise yeni veri eklendi: 
📌 Obesity exacerbates cardiac oxidative stress and fibrosis upon coronav...
   Özet: Araştırma, aralıklı açlık ve zaman kısıtlı beslenme (TRE/TRF) protokollerinin hücresel oto...
   Gerekçe: Kişiselleştirilmiş açlık modelleri ve aralıklı beslenmenin doku spesifik transkriptomik ya...

  📂 🛡️ Obezite, İmmün Sistem & İmmünometabolizma
[+] Matrise yeni veri eklendi: 
📌 Engineered human adipose-derived stem cells delivering carboxylesteras...
   Özet: Çalışma, adiposit plastisitesi, termojenik bejleşme yolakları, adipoz doku fibrozu ve lipi...
   Gerekçe: Adipoz doku immünometabolizması, demir yüklenmesi/lipokalin-2 ekseni ve doku kalitesi kasa...

[+] Matrise yeni veri eklendi: 
📌 Maslinic Acid Alleviates Obesity-Associated Skeletal Muscle Atrophy an...
   Özet: Çalışma, adiposit plastisitesi, termojenik bejleşme yolakları, adipoz doku fibrozu ve lipi...
   Gerekçe: Adipoz doku immünometabolizması, demir yüklenmesi/lipokalin-2 ekseni ve doku kalitesi kasa...

  📂 🏘️ Gıda Güvencesizliği, Obezojenik Çevre & Beslenme Politikaları
[+] Matrise yeni veri eklendi: 
📌 Household food security and urinary phthalate metabolite concentration...
   Özet: Çalışma, Household food security and urinary phthalate metabolite concentrations among US ...
   Gerekçe: Bu gelişme, kasanızdaki ilgili çatı metabolizma alanlarının kanıt tabanını güçlendirmekted...

[+] Matrise yeni veri eklendi: 
📌 Younger age and a sedentary lifestyle are associated with higher use o...
   Özet: Çalışma, Younger age and a sedentary lifestyle are associated with higher use of meal deli...
   Gerekçe: Bu gelişme, kasanızdaki ilgili çatı metabolizma alanlarının kanıt tabanını güçlendirmekted...

[+] Matrise yeni veri eklendi: 
📌 "It's Hard to Feed Them Right": A Phenomenological Analysis of Dietary...
   Özet: Çalışma, "It's Hard to Feed Them Right": A Phenomenological Analysis of Dietary Diversity,...
   Gerekçe: Bu gelişme, kasanızdaki ilgili çatı metabolizma alanlarının kanıt tabanını güçlendirmekted...

[+] Matrise yeni veri eklendi: 
📌 Delivering HOPE (Helping women optimize prenatal equity): Design and m...
   Özet: Çalışma, yapay zeka, makine öğrenmesi algoritmaları ve dijital araçların besin tüketim kay...
   Gerekçe: Augmented Dietitian (Artırılmış Diyetisyen) ve beslenme biliminde yapay zekanın güvenilirl...

[+] Matrise yeni veri eklendi: 
📌 Adults' perceptions of rising food price and their impact on food purc...
   Özet: Çalışma, Adults' perceptions of rising food price and their impact on food purchasing: fin...
   Gerekçe: Bu gelişme, kasanızdaki ilgili çatı metabolizma alanlarının kanıt tabanını güçlendirmekted...

[+] Matrise yeni veri eklendi: 
📌 Associations between mid-life and later-life food insecurity on probab...
   Özet: Çalışma, Associations between mid-life and later-life food insecurity on probable dementia...
   Gerekçe: Bu gelişme, kasanızdaki ilgili çatı metabolizma alanlarının kanıt tabanını güçlendirmekted...

[+] Matrise yeni veri eklendi: 
📌 It's about timing: reconsidering the food insecurity-dementia link...
   Özet: Çalışma, It's about timing: reconsidering the food insecurity-dementia link konusundaki gü...
   Gerekçe: Bu gelişme, kasanızdaki ilgili çatı metabolizma alanlarının kanıt tabanını güçlendirmekted...

[+] Matrise yeni veri eklendi: 
📌 Power and entitlement: Addressing the structural drivers of food insec...
   Özet: Çalışma, klinik hasta gruplarında (diyabet, onkoloji, cerrahi) tıbbi beslenme tedavisi, ki...
   Gerekçe: Endokrinoloji ve onkoloji kliniklerinde uygulanan tıbbi beslenme tedavisi standartlarının ...

[+] Matrise yeni veri eklendi: 
📌 Inadequate Energy and Micronutrient Intakes across Filipino Population...
   Özet: Çalışma, Inadequate Energy and Micronutrient Intakes across Filipino Population Groups: Fi...
   Gerekçe: Bu gelişme, kasanızdaki ilgili çatı metabolizma alanlarının kanıt tabanını güçlendirmekted...

  📂 🧬 Multi-Omiks (Lipidomiks/Proteomiks) & Bağırsak Mikrobiyotası
[+] Matrise yeni veri eklendi: 
📌 Bacteroides cellulosilyticus-derived 2-hydroxyphenylacetic acid rectif...
   Özet: Araştırma, bağırsak mikrobiyota ekolojisi, kısa zincirli yağ asitleri (SCFA) ve mikrobiyal...
   Gerekçe: Bağırsak mikrobiyotasının 'tutumlu (thrifty)' fenotip ve enerji dengesiyle olan ilişkisi, ...

  📂 ⏳ Aralıklı Açlık (Intermittent Fasting) & Otofaji
[+] Matrise yeni veri eklendi: 
📌 Impact of Diabetes on Muscle Strength and Metabolic Profile in Cirrhot...
   Özet: Araştırma, aralıklı açlık ve zaman kısıtlı beslenme (TRE/TRF) protokollerinin hücresel oto...
   Gerekçe: Kişiselleştirilmiş açlık modelleri ve aralıklı beslenmenin doku spesifik transkriptomik ya...

  📂 🧬 Multi-Omiks (Lipidomiks/Proteomiks) & Bağırsak Mikrobiyotası
[+] Matrise yeni veri eklendi: 
📌 Comparative analysis of the lipidome, fatty acids, and fat globule par...
   Özet: Çalışma, yapay zeka, makine öğrenmesi algoritmaları ve dijital araçların besin tüketim kay...
   Gerekçe: Augmented Dietitian (Artırılmış Diyetisyen) ve beslenme biliminde yapay zekanın güvenilirl...

  📂 🥑 Ketojenik Diyet, Ketogenez & Enerji Substratı
[+] Matrise yeni veri eklendi: 
📌 Parity-dependent plasma and milk metabolomic remodeling across hyperke...
   Özet: Çalışma, yapay zeka, makine öğrenmesi algoritmaları ve dijital araçların besin tüketim kay...
   Gerekçe: Augmented Dietitian (Artırılmış Diyetisyen) ve beslenme biliminde yapay zekanın güvenilirl...

  📂 🧬 Multi-Omiks (Lipidomiks/Proteomiks) & Bağırsak Mikrobiyotası
[+] Matrise yeni veri eklendi: 
📌 From metabolites to membrane vesicles: Unifying gut microbial signals ...
   Özet: Araştırma, bağırsak mikrobiyota ekolojisi, kısa zincirli yağ asitleri (SCFA) ve mikrobiyal...
   Gerekçe: Bağırsak mikrobiyotasının 'tutumlu (thrifty)' fenotip ve enerji dengesiyle olan ilişkisi, ...

  📂 🛡️ Obezite, İmmün Sistem & İmmünometabolizma
[+] Matrise yeni veri eklendi: 
📌 Astaxanthin Alleviates Intestinal Ferroptosis through Gut Commensal Le...
   Özet: Çalışma, adiposit plastisitesi, termojenik bejleşme yolakları, adipoz doku fibrozu ve lipi...
   Gerekçe: Adipoz doku immünometabolizması, demir yüklenmesi/lipokalin-2 ekseni ve doku kalitesi kasa...

  📂 🧬 Multi-Omiks (Lipidomiks/Proteomiks) & Bağırsak Mikrobiyotası
[+] Matrise yeni veri eklendi: 
📌 Targeted amino acid profiling reveals early metabolic alterations in y...
   Özet: Çalışma, klinik hasta gruplarında (diyabet, onkoloji, cerrahi) tıbbi beslenme tedavisi, ki...
   Gerekçe: Endokrinoloji ve onkoloji kliniklerinde uygulanan tıbbi beslenme tedavisi standartlarının ...

[+] Matrise yeni veri eklendi: 
📌 Targeted lipidomics showed altered serum phosphatidylcholine levels in...
   Özet: Araştırma, bağırsak mikrobiyota ekolojisi, kısa zincirli yağ asitleri (SCFA) ve mikrobiyal...
   Gerekçe: Bağırsak mikrobiyotasının 'tutumlu (thrifty)' fenotip ve enerji dengesiyle olan ilişkisi, ...

[+] Matrise yeni veri eklendi: 
📌 Nutritional Modulation of the Gut Microbiome-Metabolite Axis in Cardio...
   Özet: Araştırma, bağırsak mikrobiyota ekolojisi, kısa zincirli yağ asitleri (SCFA) ve mikrobiyal...
   Gerekçe: Bağırsak mikrobiyotasının 'tutumlu (thrifty)' fenotip ve enerji dengesiyle olan ilişkisi, ...

[+] Matrise yeni veri eklendi: 
📌 Mixtures of seasonal fruit extracts enriched with (poly)phenols modula...
   Özet: Çalışma, Mixtures of seasonal fruit extracts enriched with (poly)phenols modulate hepatic ...
   Gerekçe: Bu gelişme, kasanızdaki ilgili çatı metabolizma alanlarının kanıt tabanını güçlendirmekted...

  📂 ⏳ Aralıklı Açlık (Intermittent Fasting) & Otofaji
[+] Matrise yeni veri eklendi: 
📌 Emerging Topics In Obesity Treatment in the Setting of Organ Transplan...
   Özet: Araştırma, aralıklı açlık ve zaman kısıtlı beslenme (TRE/TRF) protokollerinin hücresel oto...
   Gerekçe: Kişiselleştirilmiş açlık modelleri ve aralıklı beslenmenin doku spesifik transkriptomik ya...

  📂 💊 GLP-1 & Farmakoterapi: Vücut Kompozisyonu & Kas Korunumu
[+] Matrise yeni veri eklendi: 
📌 Incretin-Based Therapies as Cardiometabolic Interventions: Outcome Hie...
   Özet: Bu çalışma, GLP-1/GIP reseptör agonistlerinin kilo kaybı sürecindeki metabolik yanıtlarını...
   Gerekçe: İnkretin bazlı tedavilerde ortaya çıkan yağsız doku (kas) kaybı ve adipoz doku plastisites...

[+] Matrise yeni veri eklendi: 
📌 Quality Plus Quantity: Evaluation of a Virtual GLP-1 Programme With Ph...
   Özet: Bu çalışma, GLP-1/GIP reseptör agonistlerinin kilo kaybı sürecindeki metabolik yanıtlarını...
   Gerekçe: İnkretin bazlı tedavilerde ortaya çıkan yağsız doku (kas) kaybı ve adipoz doku plastisites...

  📂 ⚖️ Kilo Kaybı, Enerji Metabolizması & Adaptif Termogenez
[+] Matrise yeni veri eklendi: 
📌 Overview of weight loss medicines and practical advice for patients...
   Özet: Çalışma, Overview of weight loss medicines and practical advice for patients konusundaki g...
   Gerekçe: Bu gelişme, kasanızdaki ilgili çatı metabolizma alanlarının kanıt tabanını güçlendirmekted...

  📂 💊 GLP-1 & Farmakoterapi: Vücut Kompozisyonu & Kas Korunumu
[+] Matrise yeni veri eklendi: 
📌 Glucagon-Like Peptide-1 Receptor Agonist-Based Agents and Body Composi...
   Özet: Çalışma, Glucagon-Like Peptide-1 Receptor Agonist-Based Agents and Body Composition: Filli...
   Gerekçe: Bu gelişme, kasanızdaki ilgili çatı metabolizma alanlarının kanıt tabanını güçlendirmekted...

[+] Matrise yeni veri eklendi: 
📌 GLP-1 receptor agonists in older people with type 2 diabetes: safety e...
   Özet: Bu çalışma, GLP-1/GIP reseptör agonistlerinin kilo kaybı sürecindeki metabolik yanıtlarını...
   Gerekçe: İnkretin bazlı tedavilerde ortaya çıkan yağsız doku (kas) kaybı ve adipoz doku plastisites...

📁 Genel Sağlık Haberleri / Blog
--------------------------------------------------
📌 Publisher Correction: Cell-specific DNA methylation in human alpha and...
   Özet: Çalışma, klinik hasta gruplarında (diyabet, onkoloji, cerrahi) tıbbi beslenme tedavisi, ki...
   Gerekçe: Endokrinoloji ve onkoloji kliniklerinde uygulanan tıbbi beslenme tedavisi standartlarının ...

📌 Extending concerns about GLP-1R antibody specificity to human immune c...
   Özet: Bu çalışma, GLP-1/GIP reseptör agonistlerinin kilo kaybı sürecindeki metabolik yanıtlarını...
   Gerekçe: İnkretin bazlı tedavilerde ortaya çıkan yağsız doku (kas) kaybı ve adipoz doku plastisites...

📌 Through beta2 or not through beta2—That’s the question...
   Özet: Çalışma, adiposit plastisitesi, termojenik bejleşme yolakları, adipoz doku fibrozu ve lipi...
   Gerekçe: Adipoz doku immünometabolizması, demir yüklenmesi/lipokalin-2 ekseni ve doku kalitesi kasa...

📌 B there for baby: How B12 and Bifidobacterium shape healthy beginnings...
   Özet: Araştırma, bağırsak mikrobiyota ekolojisi, kısa zincirli yağ asitleri (SCFA) ve mikrobiyal...
   Gerekçe: Bağırsak mikrobiyotasının 'tutumlu (thrifty)' fenotip ve enerji dengesiyle olan ilişkisi, ...

📌 Beyond the Randle cycle: A four-nutrient model of competitive cataboli...
   Özet: Çalışma, klinik hasta gruplarında (diyabet, onkoloji, cerrahi) tıbbi beslenme tedavisi, ki...
   Gerekçe: Endokrinoloji ve onkoloji kliniklerinde uygulanan tıbbi beslenme tedavisi standartlarının ...

📌 Protein restriction and the hallmarks of aging: A coordinated physiolo...
   Özet: Çalışma, Protein restriction and the hallmarks of aging: A coordinated physiological adapt...
   Gerekçe: Bu gelişme, kasanızdaki ilgili çatı metabolizma alanlarının kanıt tabanını güçlendirmekted...

📌 Pro-aging effects of chronic glucocorticoid signaling...
   Özet: Araştırma, aralıklı açlık ve zaman kısıtlı beslenme (TRE/TRF) protokollerinin hücresel oto...
   Gerekçe: Kişiselleştirilmiş açlık modelleri ve aralıklı beslenmenin doku spesifik transkriptomik ya...

📌 Competitive catabolism drives hyperglycemia and hyperinsulinemia in ob...
   Özet: Çalışma, yapay zeka, makine öğrenmesi algoritmaları ve dijital araçların besin tüketim kay...
   Gerekçe: Augmented Dietitian (Artırılmış Diyetisyen) ve beslenme biliminde yapay zekanın güvenilirl...

📌 Beta2-adrenergic stimulation by fenoterol increases energy expenditure...
   Özet: Çalışma, adiposit plastisitesi, termojenik bejleşme yolakları, adipoz doku fibrozu ve lipi...
   Gerekçe: Adipoz doku immünometabolizması, demir yüklenmesi/lipokalin-2 ekseni ve doku kalitesi kasa...

📌 Hyocholic acids shape neonatal immune tolerance and microbiota assembl...
   Özet: Araştırma, aralıklı açlık ve zaman kısıtlı beslenme (TRE/TRF) protokollerinin hücresel oto...
   Gerekçe: Kişiselleştirilmiş açlık modelleri ve aralıklı beslenmenin doku spesifik transkriptomik ya...

📌 Maternal vitamin B12 deprivation exacerbates offspring obesity by redu...
   Özet: Çalışma, adiposit plastisitesi, termojenik bejleşme yolakları, adipoz doku fibrozu ve lipi...
   Gerekçe: Adipoz doku immünometabolizması, demir yüklenmesi/lipokalin-2 ekseni ve doku kalitesi kasa...

📌 What 107 professional MMA fighters actually ate before and after weigh...
   Özet: Çalışma, yapay zeka, makine öğrenmesi algoritmaları ve dijital araçların besin tüketim kay...
   Gerekçe: Augmented Dietitian (Artırılmış Diyetisyen) ve beslenme biliminde yapay zekanın güvenilirl...

📌 The obesity-microbiome story is more complicated than ‘good’ and ‘bad’...
   Özet: Bu çalışma, GLP-1/GIP reseptör agonistlerinin kilo kaybı sürecindeki metabolik yanıtlarını...
   Gerekçe: İnkretin bazlı tedavilerde ortaya çıkan yağsız doku (kas) kaybı ve adipoz doku plastisites...

📌 Your weekend meal schedule may matter more than you think...
   Özet: Çalışma, Your weekend meal schedule may matter more than you think konusundaki güncel meta...
   Gerekçe: Bu gelişme, kasanızdaki ilgili çatı metabolizma alanlarının kanıt tabanını güçlendirmekted...

📌 Semaglutide extends lifespan and slows physiological aging in healthy ...
   Özet: Bu çalışma, GLP-1/GIP reseptör agonistlerinin kilo kaybı sürecindeki metabolik yanıtlarını...
   Gerekçe: İnkretin bazlı tedavilerde ortaya çıkan yağsız doku (kas) kaybı ve adipoz doku plastisites...

📌 Study shows ending free school meals increased elementary student hung...
   Özet: Çalışma, Study shows ending free school meals increased elementary student hunger konusund...
   Gerekçe: Bu gelişme, kasanızdaki ilgili çatı metabolizma alanlarının kanıt tabanını güçlendirmekted...

📌 Cellular atlas offers clues to childhood Crohn’s treatment response...
   Özet: Araştırma, aralıklı açlık ve zaman kısıtlı beslenme (TRE/TRF) protokollerinin hücresel oto...
   Gerekçe: Kişiselleştirilmiş açlık modelleri ve aralıklı beslenmenin doku spesifik transkriptomik ya...

📌 Flavorings, colors and sweeteners emerge as UPF markers linked to depr...
   Özet: Çalışma, ultra-işlenmiş besinlerin (UPF), gıda matriks yapısının ve endüstriyel katkı madd...
   Gerekçe: UPF sınıflandırma sistemlerinin tutarsızlıkları ve kanıt sınırlılıkları üzerine yürüttüğüm...

📌 Obesity leaves a lasting memory in immune cells...
   Özet: Çalışma, yapay zeka, makine öğrenmesi algoritmaları ve dijital araçların besin tüketim kay...
   Gerekçe: Augmented Dietitian (Artırılmış Diyetisyen) ve beslenme biliminde yapay zekanın güvenilirl...

📁 Popüler Topluluk ve Sosyal Tartışmalar (Reddit Trendleri)
--------------------------------------------------
📌 A Self-Selected Vegan Diet Reduces Skeletal Muscle Mass in Healthy Old...
   Özet: Çalışma, A Self-Selected Vegan Diet Reduces Skeletal Muscle Mass in Healthy Older Adults k...
   Gerekçe: Bu gelişme, kasanızdaki ilgili çatı metabolizma alanlarının kanıt tabanını güçlendirmekted...

📌 Low-carb diet delivers added liver benefits beyond weight loss | WashU...
   Özet: Çalışma, yapay zeka, makine öğrenmesi algoritmaları ve dijital araçların besin tüketim kay...
   Gerekçe: Augmented Dietitian (Artırılmış Diyetisyen) ve beslenme biliminde yapay zekanın güvenilirl...

📌 Minimal food diversity to survive?...
   Özet: Çalışma, Minimal food diversity to survive? konusundaki güncel metabolik ve klinik beslenm...
   Gerekçe: Bu gelişme, kasanızdaki ilgili çatı metabolizma alanlarının kanıt tabanını güçlendirmekted...

📌 Difference in Nutritional Value Between a Well Cooked Steak and a Rare...
   Özet: Çalışma, yapay zeka, makine öğrenmesi algoritmaları ve dijital araçların besin tüketim kay...
   Gerekçe: Augmented Dietitian (Artırılmış Diyetisyen) ve beslenme biliminde yapay zekanın güvenilirl...

📌 is 0% fat greek yogurt worse than normal greek yogurt or other alterna...
   Özet: Çalışma, is 0% fat greek yogurt worse than normal greek yogurt or other alternatives? konu...
   Gerekçe: Bu gelişme, kasanızdaki ilgili çatı metabolizma alanlarının kanıt tabanını güçlendirmekted...

📌 Are dairy products good for longevity compared to plant-based alternat...
   Özet: Çalışma, yapay zeka, makine öğrenmesi algoritmaları ve dijital araçların besin tüketim kay...
   Gerekçe: Augmented Dietitian (Artırılmış Diyetisyen) ve beslenme biliminde yapay zekanın güvenilirl...

📌 What's one nutrition rule you used to believe that you've completely c...
   Özet: Çalışma, What's one nutrition rule you used to believe that you've completely changed your...
   Gerekçe: Bu gelişme, kasanızdaki ilgili çatı metabolizma alanlarının kanıt tabanını güçlendirmekted...

📁 🌍 Fon, COST Action, Erasmus, Postdoc & Kariyer Çağrıları
--------------------------------------------------
  * Yeni içerik yok.

📁 💼 LinkedIn & Lider Araştırmacı Radarı
--------------------------------------------------
  * Yeni içerik yok.

=================================================================
🏁 Toplam 95 yeni içerik tespit edildi.
=================================================================

💾 Bülten kasaya kaydedildi: _Inbox/Digests/Digest_2026-09-04.md
Nutrition Scout finished with exit code 0 at Fri Sep  4 11:41:51 +03 2026

